// Jest Snapshot v1, https://goo.gl/fbAQLP

exports[`<PlaylistContainer/> should render successfully and match snapshot 1`] = `
<TrackPlayAlbum>
  album
</TrackPlayAlbum>
`;
