// Jest Snapshot v1, https://goo.gl/fbAQLP

exports[`<FilterButtonAuthor/> should render successfully and match snapshot 1`] = `
<Styled(styled.div)
  theme={0}
>
  <styled.ul />
</Styled(styled.div)>
`;
