// Jest Snapshot v1, https://goo.gl/fbAQLP

exports[`<TrackPlaySkeletonImage/> should render successfully and match snapshot 1`] = `
<styled.div>
  <Styled(styled.div) />
</styled.div>
`;
