// Jest Snapshot v1, https://goo.gl/fbAQLP

exports[`<Footer /> should render successfully and match snapshot 1`] = `
<div>
  <footer
    class="footer"
  />
</div>
`;
