// Jest Snapshot v1, https://goo.gl/fbAQLP

exports[`<Bar /> should render successfully and match snapshot 1`] = `
<styled.div
  theme={0}
>
  <BarContent />
</styled.div>
`;
