// Jest Snapshot v1, https://goo.gl/fbAQLP

exports[`<UserName /> should render successfully and match snapshot 1`] = `
<styled.p
  theme={0}
>
  
</styled.p>
`;
