// Jest Snapshot v1, https://goo.gl/fbAQLP

exports[`<TrackPlaySkeletonAlbum/> should render successfully and match snapshot 1`] = `
<styled.div>
  <styled.div />
</styled.div>
`;
