// Jest Snapshot v1, https://goo.gl/fbAQLP

exports[`<TrackPlyAuthor/> should render successfully and match snapshot 1`] = `
<TrackPlayAuthor>
  author
</TrackPlayAuthor>
`;
