// Jest Snapshot v1, https://goo.gl/fbAQLP

exports[`<BarVolumeBlock/> should render successfully and match snapshot 1`] = `
<styled.div>
  <styled.div>
    <VolumeImage />
    <VolumeProgress />
  </styled.div>
</styled.div>
`;
