// Jest Snapshot v1, https://goo.gl/fbAQLP

exports[`<SidebarSkeleton/> should render and match the snapshot 1`] = `
<div>
  <div
    class="sc-bcXHqe jVpBGY"
  >
    <div
      class="sc-gswNZR eHtCbv"
    />
  </div>
</div>
`;
