// Jest Snapshot v1, https://goo.gl/fbAQLP

exports[`<PlaylistContainer/> should render successfully and match snapshot 1`] = `
<Styled(Styled(styled.div))>
  <Styled(Component)
    alt="shuffle"
    theme={0}
  />
</Styled(Styled(styled.div))>
`;
