// Jest Snapshot v1, https://goo.gl/fbAQLP

exports[`<SidebarPersonal/> should render successfully and match snapshot 1`] = `
<Styled(styled.div)
  theme={0}
>
  <UserName />
  <UserAvatar />
</Styled(styled.div)>
`;
