// Jest Snapshot v1, https://goo.gl/fbAQLP

exports[`<UserAvatar /> should render and match snapshot 1`] = `
<div>
  <div
    class="sc-bcXHqe epXTIq"
  />
</div>
`;
