// Jest Snapshot v1, https://goo.gl/fbAQLP

exports[`<PlaylistContainer/> should render successfully and match the snapshot 1`] = `
<styled.div
  theme={0}
>
  <styled.div
    theme={0}
  >
    <Navigation />
    <MainIndiCenterBlock />
  </styled.div>
  <Footer />
</styled.div>
`;
